Unicode true
SetCompressor /SOLID lzma
!define MUI_ICON "C:\src\icon.ico"
!define MUI_UNICON "C:\src\icon.ico"
!include "MUI2.nsh"

!define APP_NAME "Test App"
!define APP_VERSION "1.2.3"
!define APP_PUBLISHER "Someone"
!define APP_EXE "TestApp.exe"

Name "${APP_NAME}"
OutFile "C:\out\TestAppSetup_1.2.3.exe"
InstallDir "$PROGRAMFILES64\Test App"
InstallDirRegKey HKCU "Software\${APP_NAME}" "Install_Dir"
RequestExecutionLevel admin
Icon "C:\src\icon.ico"
UninstallIcon "C:\src\icon.ico"

!insertmacro MUI_PAGE_LICENSE "C:\src\LICENSE"
!insertmacro MUI_PAGE_DIRECTORY
!insertmacro MUI_PAGE_INSTFILES
!insertmacro MUI_UNPAGE_CONFIRM
!insertmacro MUI_UNPAGE_INSTFILES

!insertmacro MUI_LANGUAGE "English"

!include "FileFunc.nsh"
!insertmacro GetParameters
!insertmacro GetOptions
!insertmacro GetSize

; -?/-help/-h/--help/-/?//help all print a usage MessageBox and exit,
; instead of NSIS's default behavior of silently launching the normal
; wizard for any unrecognized argument - matches this project's own CLI
; convention (installerbear -help) and gives Setup.exe the same
; "try -help first" discoverability msiexec's own /? already provides on
; the .msi side. Real motivation, from the person who asked for this:
; "any time I need silent install strings... I try -? or -help first...
; then curse the packager and start hunting repo/home page docs".
!macro CheckHelpFlag flag
  ClearErrors
  ${GetOptions} $R0 "${flag}" $R1
  IfErrors +3
  MessageBox MB_OK "${APP_NAME} ${APP_VERSION} installer$\r$\n$\r$\nUsage: <installer>.exe [/S] [/D=install_dir]$\r$\n$\r$\n  /S           Silent install, no UI (also skips the license page below)$\r$\n  /D=<path>    Install to <path> instead of the default - must be the LAST argument, unquoted"
  Quit
!macroend

Function .onInit
  ${GetParameters} $R0
  !insertmacro CheckHelpFlag "/?"
  !insertmacro CheckHelpFlag "/help"
  !insertmacro CheckHelpFlag "-?"
  !insertmacro CheckHelpFlag "-h"
  !insertmacro CheckHelpFlag "-help"
  !insertmacro CheckHelpFlag "--help"
FunctionEnd

Section "${APP_NAME}" SEC01
  ; RO (read-only): always installed, can't be unchecked - the Components
  ; page (only shown at all when DesktopShortcut and/or AutostartAtLogin is
  ; enabled, see above) would otherwise let someone uncheck the entire app,
  ; leaving nothing installed at all.
  SectionIn RO
  ; All-users installs default to the per-user Start Menu/Desktop shell
  ; folders otherwise (NSIS's own default context) even though the install
  ; itself is elevated - this redirects those shell-folder constants to
  ; the all-users ones instead, matching ALLUSERS=1's meaning on the .msi
  ; side. Global for the rest of this run (and the uninstaller's own run,
  ; which sets it again below), not just this Section.
  SetShellVarContext all
  SetOutPath "$INSTDIR"
  File "C:\src\bin\TestApp.exe"
  File "/oname=License.txt" "C:\src\LICENSE"

  SetOutPath "$INSTDIR\assets\images"
  File /r "C:\src\assets\images\*.*"

  SetOutPath "$INSTDIR"
  File "C:\src\ReleaseNotes.txt"

  WriteRegStr HKCU "Software\${APP_NAME}" "Install_Dir" "$INSTDIR"
  CreateDirectory "$SMPROGRAMS\${APP_NAME}"
  CreateShortcut "$SMPROGRAMS\${APP_NAME}\${APP_NAME}.lnk" "$INSTDIR\${APP_EXE}"
  WriteUninstaller "$INSTDIR\uninstall.exe"
  ; Registers with Windows' "Apps & Features"/Programs and Features -
  ; NSIS never does this on its own (unlike MSI, which is always tracked
  ; by the Windows Installer service itself); every properly-built NSIS
  ; installer writes these keys by hand. DisplayIcon points at the
  ; installed exe itself (not IconFile - that .ico only ever sets
  ; Setup.exe's own icon above, it's never copied into $INSTDIR), so
  ; Windows shows whatever icon the app binary itself was built with.
  ; Written under HKLM: a current-user (non-elevated)
  ; install can't write HKLM at all, so this moves to HKCU for that scope
  ; (Windows' Programs and Features UI reads both hives) - see
  ; packproject.WindowsOptions.InstallScope's own doc comment.
  WriteRegStr HKLM "Software\Microsoft\Windows\CurrentVersion\Uninstall\${APP_NAME}" "DisplayName" "${APP_NAME}"
  WriteRegStr HKLM "Software\Microsoft\Windows\CurrentVersion\Uninstall\${APP_NAME}" "DisplayVersion" "${APP_VERSION}"
  WriteRegStr HKLM "Software\Microsoft\Windows\CurrentVersion\Uninstall\${APP_NAME}" "Publisher" "${APP_PUBLISHER}"
  WriteRegStr HKLM "Software\Microsoft\Windows\CurrentVersion\Uninstall\${APP_NAME}" "InstallLocation" "$INSTDIR"
  WriteRegStr HKLM "Software\Microsoft\Windows\CurrentVersion\Uninstall\${APP_NAME}" "DisplayIcon" "$INSTDIR\${APP_EXE}"
  WriteRegStr HKLM "Software\Microsoft\Windows\CurrentVersion\Uninstall\${APP_NAME}" "UninstallString" '"$INSTDIR\uninstall.exe"'
  WriteRegDWORD HKLM "Software\Microsoft\Windows\CurrentVersion\Uninstall\${APP_NAME}" "NoModify" 1
  WriteRegDWORD HKLM "Software\Microsoft\Windows\CurrentVersion\Uninstall\${APP_NAME}" "NoRepair" 1
  ${GetSize} "$INSTDIR" "/S=0K" $0 $1 $2
  WriteRegDWORD HKLM "Software\Microsoft\Windows\CurrentVersion\Uninstall\${APP_NAME}" "EstimatedSize" "$0"
SectionEnd

Section "Uninstall"
  SetShellVarContext all
  ExecWait 'taskkill /IM "${APP_EXE}" /F /T'
  Delete "$SMPROGRAMS\${APP_NAME}\${APP_NAME}.lnk"
  RMDir "$SMPROGRAMS\${APP_NAME}"
  Delete "$INSTDIR\uninstall.exe"
  RMDir /r "$INSTDIR"
  DeleteRegKey HKCU "Software\${APP_NAME}"
  DeleteRegKey HKLM "Software\Microsoft\Windows\CurrentVersion\Uninstall\${APP_NAME}"
SectionEnd
